
> backend@0.0.1 test
> jest

node.exe : PASS 
src/common/s3/s3.service.spec.ts
At C:\Users\babai\AppData\Roaming\n
pm\npm.ps1:24 char:5
+     & "node$exe"  "$basedir/node_
modules/npm/bin/npm-cli.js" $args
+     ~~~~~~~~~~~~~~~~~~~~~~~~~~~~~
~~~~~~~~~~~~~~~~~~~~~~~~~~~~~~~~~
    + CategoryInfo          : NotS 
   pecified: (PASS src/common/s3/  
  s3.service.spec.ts:String) [],   
  RemoteException
    + FullyQualifiedErrorId : Nati 
   veCommandError
 
PASS src/common/utils/serialization
.spec.ts
PASS src/app.controller.spec.ts 
(6.947 s)
PASS 
src/users/users.service.spec.ts
PASS src/jobs/jobs.service.spec.ts
FAIL 
src/orders/orders.service.spec.ts 
(8.944 s)
  ΓùÅ OrdersService ΓÇ║ should 
calculate total_price correctly

    TypeError: Cannot read 
properties of undefined (reading 
'connection')

    [0m [90m 53 |[39m     }
     [90m 54 |[39m
    [31m[1m>[22m[39m[90m 55 
|[39m     [36mconst[39m 
queryRunner [33m=[39m [36mthis[
39m[33m.[39mordersRepo[33m.[39m
manager[33m.[39mconnection[33m.
[39mcreateQueryRunner()[33m;[39m
     [90m    |[39m               
                                  
[31m[1m^[22m[39m
     [90m 56 |[39m     
[36mawait[39m queryRunner[33m.[
39mconnect()[33m;[39m
     [90m 57 |[39m     
[36mawait[39m queryRunner[33m.[
39mstartTransaction()[33m;[39m
     [90m 58 |[39m[0m

      at OrdersService.create 
(orders/orders.service.ts:55:49)
      at Object.<anonymous> (orders
/orders.service.spec.ts:99:34)

  ΓùÅ OrdersService ΓÇ║ should 
accept orders for tomorrow (1 day 
in advance)

    TypeError: Cannot read 
properties of undefined (reading 
'connection')

    [0m [90m 53 |[39m     }
     [90m 54 |[39m
    [31m[1m>[22m[39m[90m 55 
|[39m     [36mconst[39m 
queryRunner [33m=[39m [36mthis[
39m[33m.[39mordersRepo[33m.[39m
manager[33m.[39mconnection[33m.
[39mcreateQueryRunner()[33m;[39m
     [90m    |[39m               
                                  
[31m[1m^[22m[39m
     [90m 56 |[39m     
[36mawait[39m queryRunner[33m.[
39mconnect()[33m;[39m
     [90m 57 |[39m     
[36mawait[39m queryRunner[33m.[
39mstartTransaction()[33m;[39m
     [90m 58 |[39m[0m

      at OrdersService.create 
(orders/orders.service.ts:55:49)
      at Object.<anonymous> (orders
/orders.service.spec.ts:126:34)

  ΓùÅ OrdersService ΓÇ║ should 
accept orders for 3 days in advance

    TypeError: Cannot read 
properties of undefined (reading 
'connection')

    [0m [90m 53 |[39m     }
     [90m 54 |[39m
    [31m[1m>[22m[39m[90m 55 
|[39m     [36mconst[39m 
queryRunner [33m=[39m [36mthis[
39m[33m.[39mordersRepo[33m.[39m
manager[33m.[39mconnection[33m.
[39mcreateQueryRunner()[33m;[39m
     [90m    |[39m               
                                  
[31m[1m^[22m[39m
     [90m 56 |[39m     
[36mawait[39m queryRunner[33m.[
39mconnect()[33m;[39m
     [90m 57 |[39m     
[36mawait[39m queryRunner[33m.[
39mstartTransaction()[33m;[39m
     [90m 58 |[39m[0m

      at OrdersService.create 
(orders/orders.service.ts:55:49)
      at Object.<anonymous> (orders
/orders.service.spec.ts:143:34)

PASS src/kitchens/kitchens.controll
er.spec.ts (9.321 s)
PASS src/orders/orders.controller.s
pec.ts (9.397 s)
PASS src/food-items/food-items.cont
roller.spec.ts (9.455 s)
PASS src/food-items/food-items.serv
ice.spec.ts
PASS src/kitchens/kitchens.service.
spec.ts
FAIL src/auth/auth.service.spec.ts 
(9.798 s)
  ΓùÅ AuthService ΓÇ║ should be 
defined

    Nest can't resolve 
dependencies of the AuthService 
(UsersService, JwtService, ?). 
Please make sure that the argument 
RedisService at index [2] is 
available in the RootTestModule 
context.

    Potential solutions:
    - Is RootTestModule a valid 
NestJS module?
    - If RedisService is a 
provider, is it part of the 
current RootTestModule?
    - If RedisService is exported 
from a separate @Module, is that 
module imported within 
RootTestModule?
      @Module({
        imports: [ /* the Module 
containing RedisService */ ]
      })

    For more common dependency 
resolution issues, see: https://doc
s.nestjs.com/faq/common-errors

    [0m [90m  8 |[39m
     [90m  9 |[39m   
beforeEach([36masync[39m () 
[33m=>[39m {
    [31m[1m>[22m[39m[90m 10 
|[39m     [36mconst[39m 
module[33m:[39m 
[33mTestingModule[39m 
[33m=[39m [36mawait[39m [33mTe
st[39m[33m.[39mcreateTestingModu
le({
     [90m    |[39m               
                    
[31m[1m^[22m[39m
     [90m 11 |[39m       
providers[33m:[39m [
     [90m 12 |[39m         
[33mAuthService[39m[33m,[39m
     [90m 13 |[39m         {[0m

      at TestingInjector.lookupComp
onentInParentModules (../node_modul
es/@nestjs/core/injector/injector.j
s:290:19)
      at TestingInjector.resolveCom
ponentWrapper (../node_modules/@nes
tjs/testing/testing-injector.js:19:
45)
      at resolveParam (../node_modu
les/@nestjs/core/injector/injector.
js:140:38)
          at async Promise.all 
(index 2)
      at TestingInjector.resolveCon
structorParams (../node_modules/@ne
stjs/core/injector/injector.js:169:
27)
      at 
TestingInjector.loadInstance (../no
de_modules/@nestjs/core/injector/in
jector.js:75:13)
      at 
TestingInjector.loadProvider (../no
de_modules/@nestjs/core/injector/in
jector.js:103:9)
      at ../node_modules/@nestjs/co
re/injector/instance-loader.js:56:1
3
          at async Promise.all 
(index 3)
      at TestingInstanceLoader.crea
teInstancesOfProviders (../node_mod
ules/@nestjs/core/injector/instance
-loader.js:55:9)
      at ../node_modules/@nestjs/co
re/injector/instance-loader.js:40:1
3
          at async Promise.all 
(index 1)
      at TestingInstanceLoader.crea
teInstances (../node_modules/@nestj
s/core/injector/instance-loader.js:
39:9)
      at TestingInstanceLoader.crea
teInstancesOfDependencies (../node_
modules/@nestjs/core/injector/insta
nce-loader.js:22:13)
      at TestingInstanceLoader.crea
teInstancesOfDependencies (../node_
modules/@nestjs/testing/testing-ins
tance-loader.js:9:9)
      at TestingModuleBuilder.creat
eInstancesOfDependencies (../node_m
odules/@nestjs/testing/testing-modu
le.builder.js:118:9)
      at 
TestingModuleBuilder.compile (../no
de_modules/@nestjs/testing/testing-
module.builder.js:74:9)
      at Object.<anonymous> 
(auth/auth.service.spec.ts:10:35)

PASS 
src/auth/auth.controller.spec.ts

Test Suites: 2 failed, 11 passed, 
13 total
Tests:       4 failed, 22 passed, 
26 total
Snapshots:   0 total
Time:        11.423 s, estimated 
15 s
Ran all test suites.
